// Jest Snapshot v1, https://goo.gl/fbAQLP

exports[`PlantInfosForm should render properly 1`] = `
<div>
  <form
    class="css-udnwx8"
  >
    <div
      class="css-ov1ktg"
    >
      <div
        class="css-rkdae6"
      >
        <p>
          Plant infos
        </p>
      </div>
      <div
        class="css-5c6nel"
      >
        <p
          class="css-1aya0bk"
        >
          plant_infos_form.helper_text
        </p>
        <div
          class="css-1diq458"
        >
          <label
            class="css-npa6bc"
            for="name"
          >
            plant_infos_form.field_name
          </label>
          <input
            class="css-1qxlqm1"
            id="name"
            name="name"
            type="text"
            value=""
          />
        </div>
        <div
          class="css-1diq458"
        >
          <label
            class="css-npa6bc"
            for="latin_name"
          >
            plant_infos_form.field_latin_name
          </label>
          <input
            class="css-1qxlqm1"
            id="latin_name"
            name="latin_name"
            type="text"
            value=""
          />
        </div>
        <div
          class="css-1diq458"
        >
          <label
            class="css-npa6bc"
            for="family"
          >
            plant_infos_form.field_family
          </label>
          <input
            class="css-1qxlqm1"
            id="family"
            name="family"
            type="text"
            value=""
          />
        </div>
        <div
          class="css-1diq458"
        >
          <span
            class="css-1cblmog"
          >
            plant_infos_form.field_exposure
          </span>
          <span>
            plant_infos_form.field_level_label
          </span>
          <label
            class="css-npa6bc"
            for="exposure_level"
          />
          <div
            class="css-19or460"
          >
            <select
              id="exposure_level"
              name="exposure_level"
            >
              <option
                value="LOW"
              >
                plant_infos_form.level_select.low
              </option>
              <option
                value="MEDIUM"
              >
                plant_infos_form.level_select.medium
              </option>
              <option
                value="HIGH"
              >
                plant_infos_form.level_select.high
              </option>
            </select>
            <div
              class="css-gw542d"
            >
              <svg
                viewBox="0 0 10 4"
                xmlns="http://www.w3.org/2000/svg"
              >
                <path
                  d="M5.625 3.5a1 1 0 0 1-1.25 0L2.226 1.781A1 1 0 0 1 2.851 0h4.3a1 1 0 0 1 .625 1.781z"
                />
              </svg>
            </div>
          </div>
          <div
            class="css-1kbost9"
          />
          <span>
            plant_infos_form.field_tips_label
          </span>
          <label
            class="css-npa6bc"
            for="exposure_description"
          />
          <textarea
            class="css-vygrie"
            id="exposure_description"
            name="exposure_description"
          />
        </div>
        <div
          class="css-1diq458"
        >
          <span
            class="css-1cblmog"
          >
            plant_infos_form.field_temperature
          </span>
          <span>
            plant_infos_form.field_level_label
          </span>
          <label
            class="css-npa6bc"
            for="temperature_level"
          />
          <div
            class="css-19or460"
          >
            <select
              id="temperature_level"
              name="temperature_level"
            >
              <option
                value="LOW"
              >
                plant_infos_form.level_select.low
              </option>
              <option
                value="MEDIUM"
              >
                plant_infos_form.level_select.medium
              </option>
              <option
                value="HIGH"
              >
                plant_infos_form.level_select.high
              </option>
            </select>
            <div
              class="css-gw542d"
            >
              <svg
                viewBox="0 0 10 4"
                xmlns="http://www.w3.org/2000/svg"
              >
                <path
                  d="M5.625 3.5a1 1 0 0 1-1.25 0L2.226 1.781A1 1 0 0 1 2.851 0h4.3a1 1 0 0 1 .625 1.781z"
                />
              </svg>
            </div>
          </div>
          <div
            class="css-1kbost9"
          />
          <span>
            plant_infos_form.field_tips_label
          </span>
          <label
            class="css-npa6bc"
            for="temperature_description"
          />
          <textarea
            class="css-vygrie"
            id="temperature_description"
            name="temperature_description"
          />
        </div>
        <div
          class="css-1diq458"
        >
          <span
            class="css-1cblmog"
          >
            plant_infos_form.field_watering
          </span>
          <span>
            plant_infos_form.field_level_label
          </span>
          <label
            class="css-npa6bc"
            for="watering_level"
          />
          <div
            class="css-19or460"
          >
            <select
              id="watering_level"
              name="watering_level"
            >
              <option
                value="LOW"
              >
                plant_infos_form.level_select.low
              </option>
              <option
                value="MEDIUM"
              >
                plant_infos_form.level_select.medium
              </option>
              <option
                value="HIGH"
              >
                plant_infos_form.level_select.high
              </option>
            </select>
            <div
              class="css-gw542d"
            >
              <svg
                viewBox="0 0 10 4"
                xmlns="http://www.w3.org/2000/svg"
              >
                <path
                  d="M5.625 3.5a1 1 0 0 1-1.25 0L2.226 1.781A1 1 0 0 1 2.851 0h4.3a1 1 0 0 1 .625 1.781z"
                />
              </svg>
            </div>
          </div>
          <div
            class="css-1kbost9"
          />
          <span>
            plant_infos_form.field_tips_label
          </span>
          <label
            class="css-npa6bc"
            for="watering_description"
          />
          <textarea
            class="css-vygrie"
            id="watering_description"
            name="watering_description"
          />
        </div>
        <div
          class="css-1diq458"
        >
          <span
            class="css-1cblmog"
          >
            plant_infos_form.field_soil
          </span>
          <span>
            plant_infos_form.field_soil_helper
          </span>
          <label
            class="css-npa6bc"
            for="temperature_description"
          />
          <textarea
            class="css-vygrie"
            id="temperature_description"
            name="temperature_description"
          />
        </div>
        <div
          class="css-1diq458"
        >
          <span
            class="css-1cblmog"
          >
            plant_infos_form.field_plant_tips
          </span>
          <span>
            plant_infos_form.field_plant_tips_helper
          </span>
          <label
            class="css-npa6bc"
            for="tips"
          />
          <textarea
            class="css-vygrie"
            id="tips"
            name="tips"
          />
        </div>
        <div
          class="css-1diq458"
        >
          <div
            class="css-115f2m6"
          >
            <button
              class="css-1r4gcaj"
              type="submit"
            >
              Create
            </button>
            <button
              class="css-116s2bk"
              type="reset"
            >
              plant_form.button.cancel
            </button>
          </div>
        </div>
      </div>
    </div>
  </form>
</div>
`;
