// Jest Snapshot v1, https://goo.gl/fbAQLP

exports[`ActionBar should render the actionBar properly without action 1`] = `
<div>
  <div
    class="css-11xigr1"
  >
    <div
      class="css-10wldv8"
    >
      <svg
        viewBox="0 0 23.225 21.762"
        xmlns="http://www.w3.org/2000/svg"
      >
        <path
          d="M12.342 19.647L2.115 10.881m0 0l10.227-8.766m-8.617 9.032h18"
          fill="#4A4A4A"
          stroke="#4A4A4A"
          stroke-linecap="round"
          stroke-width="3"
        />
      </svg>
    </div>
    <div
      class="css-196st0l"
    >
      <span
        class="css-zrqali"
      >
        New Species
      </span>
    </div>
    <div
      class="css-ov1ktg"
    >
      <button
        class="css-1ftdis5"
      >
        <div>
          Icon Edit
        </div>
      </button>
    </div>
  </div>
</div>
`;
