// Jest Snapshot v1, https://goo.gl/fbAQLP

exports[`PlantList should render properly 1`] = `
<div>
  <div
    class="css-ay8j8u-PlantList"
  >
    <div
      class="css-1jhkexv"
    >
      <div>
        <h1
          class="css-21eb7x"
        >
          plant_list.title
        </h1>
        <h6
          class="css-og9iw5"
        >
          needy_plants.all_set
        </h6>
      </div>
    </div>
  </div>
  <div
    class="css-4umray"
  >
    <div
      class="css-1bsqms9"
    />
    <div
      class="css-1bsqms9"
    />
    <div
      class="css-1bsqms9"
    />
  </div>
  <a
    class="css-zj8opf"
    href="/plants"
  >
    plant_list.view_all
  </a>
</div>
`;
